[smartitsource.com/utrun/html/index.php]
[backblue.gif]
[fade.gif]
[index.php]
[smartitsource.com/utrun/html/assets/js/vendor/modernizr-3.6.0.min.js]
[smartitsource.com/utrun/html/assets/images/normal/logo.png]
[smartitsource.com/utrun/html/assets/images/normal/logo-light.png]
[smartitsource.com/utrun/html/blog-grid.html]
[smartitsource.com/utrun/html/assets/images/normal/person.png]
[smartitsource.com/utrun/html/assets/images/client-logo/1.png]
[smartitsource.com/utrun/html/assets/images/client-logo/2.png]
[smartitsource.com/utrun/html/assets/images/client-logo/3.png]
[smartitsource.com/utrun/html/assets/images/client-logo/4.png]
[smartitsource.com/utrun/html/assets/images/client-logo/5.png]
[smartitsource.com/utrun/html/assets/images/client-logo/6.png]
[smartitsource.com/utrun/html/assets/images/image-icon/b-1.png]
[smartitsource.com/utrun/html/assets/images/image-icon/b-2.png]
[smartitsource.com/utrun/html/assets/images/image-icon/b-3.png]
[smartitsource.com/utrun/html/assets/images/normal/f.jpg]
[smartitsource.com/utrun/html/assets/images/normal/tab-thumb.png]
[smartitsource.com/utrun/html/assets/images/normal/wide-img.png]
[smartitsource.com/utrun/html/assets/images/testimonial/1.png]
[smartitsource.com/utrun/html/assets/images/testimonial/2.png]
[smartitsource.com/utrun/html/assets/images/testimonial/3.png]
[smartitsource.com/utrun/html/assets/images/latest-blog/1.jpg]
[smartitsource.com/utrun/html/assets/images/latest-blog/2.jpg]
[smartitsource.com/utrun/html/assets/images/latest-blog/3.jpg]
[smartitsource.com/utrun/html/assets/js/vendor/jquery-3.3.1.min.js]
[smartitsource.com/utrun/html/assets/js/jquery.easing.min.js]
[smartitsource.com/utrun/html/assets/js/bootstrap.min.js]
[smartitsource.com/utrun/html/assets/js/owl.carousel.min.js]
[smartitsource.com/utrun/html/assets/js/aos.js]
[smartitsource.com/utrun/html/assets/js/tab.js]
[smartitsource.com/utrun/html/assets/js/main.js]
[smartitsource.com/utrun/html/index.php]
[smartitsource.com/utrun/html/apple-touch-icon.html]
[smartitsource.com/utrun/html/assets/icon-fonts/Flaticon.eot]
[smartitsource.com/utrun/html/assets/icon-fonts/Flaticond41d.eot]
[smartitsource.com/utrun/html/assets/icon-fonts/Flaticon.woff]
[smartitsource.com/utrun/html/assets/icon-fonts/Flaticon.ttf]
[smartitsource.com/utrun/html/assets/icon-fonts/flaticon.css]
[smartitsource.com/utrun/html/assets/web-fonts/sf-pro-display-bold-webfont.woff2]
[smartitsource.com/utrun/html/assets/web-fonts/sf-pro-display-bold-webfont.woff]
[smartitsource.com/utrun/html/assets/web-fonts/sf-pro-display-medium-webfont.woff2]
[smartitsource.com/utrun/html/assets/web-fonts/sf-pro-display-medium-webfont.woff]
[smartitsource.com/utrun/html/assets/web-fonts/sf-pro-display-regular-webfont.woff2]
[smartitsource.com/utrun/html/assets/web-fonts/sf-pro-display-regular-webfont.woff]
[smartitsource.com/utrun/html/assets/web-fonts/sf-pro-display-semibold-webfont.woff2]
[smartitsource.com/utrun/html/assets/web-fonts/sf-pro-display-semibold-webfont.woff]
[smartitsource.com/utrun/html/assets/web-fonts/fonts.css]
[smartitsource.com/utrun/html/assets/css/bootstrap.min.css]
[smartitsource.com/utrun/html/assets/images/normal/table-curve1.png]
[smartitsource.com/utrun/html/assets/images/normal/table-curve2.png]
[smartitsource.com/utrun/html/assets/css/tab.css]
[smartitsource.com/utrun/html/assets/css/animate.css]
[smartitsource.com/utrun/html/assets/fontawesome-free-5.3.1/webfonts/fa-brands-400.eot]
[smartitsource.com/utrun/html/assets/fontawesome-free-5.3.1/webfonts/fa-brands-400.woff2]
[smartitsource.com/utrun/html/assets/fontawesome-free-5.3.1/webfonts/fa-brands-400d41d.eot]
[smartitsource.com/utrun/html/assets/fontawesome-free-5.3.1/webfonts/fa-brands-400.woff]
[smartitsource.com/utrun/html/assets/fontawesome-free-5.3.1/webfonts/fa-brands-400.ttf]
[smartitsource.com/utrun/html/assets/fontawesome-free-5.3.1/webfonts/fa-regular-400.eot]
[smartitsource.com/utrun/html/assets/fontawesome-free-5.3.1/webfonts/fa-regular-400.woff2]
[smartitsource.com/utrun/html/assets/fontawesome-free-5.3.1/webfonts/fa-regular-400d41d.eot]
[smartitsource.com/utrun/html/assets/fontawesome-free-5.3.1/webfonts/fa-regular-400.woff]
[smartitsource.com/utrun/html/assets/fontawesome-free-5.3.1/webfonts/fa-regular-400.ttf]
[smartitsource.com/utrun/html/assets/fontawesome-free-5.3.1/webfonts/fa-solid-900.eot]
[smartitsource.com/utrun/html/assets/fontawesome-free-5.3.1/webfonts/fa-solid-900.woff2]
[smartitsource.com/utrun/html/assets/fontawesome-free-5.3.1/webfonts/fa-solid-900d41d.eot]
[smartitsource.com/utrun/html/assets/fontawesome-free-5.3.1/webfonts/fa-solid-900.woff]
[smartitsource.com/utrun/html/assets/fontawesome-free-5.3.1/webfonts/fa-solid-900.ttf]
[smartitsource.com/utrun/html/assets/fontawesome-free-5.3.1/css/all.min.css]
[smartitsource.com/utrun/html/assets/css/owl.carousel.min.css]
[smartitsource.com/utrun/html/assets/css/owl.theme.default.min.css]
[smartitsource.com/utrun/html/assets/images/normal/home-bg.jpg]
[smartitsource.com/utrun/html/assets/images/normal/bg-circle.jpg]
[smartitsource.com/utrun/html/assets/images/normal/line-bg.png]
[smartitsource.com/utrun/html/assets/images/normal/download-bg.jpg]
[smartitsource.com/utrun/html/assets/images/normal/footer-bg.jpg]
[smartitsource.com/utrun/html/assets/images/normal/breadcrumb.jpg]
[smartitsource.com/utrun/html/assets/css/style.css]
[smartitsource.com/utrun/html/assets/css/responsive.css]
[smartitsource.com/utrun/html/single-blog.html]
[smartitsource.com/utrun/html/assets/images/grid-blog/1.jpg]
[smartitsource.com/utrun/html/assets/images/grid-blog/2.jpg]
[smartitsource.com/utrun/html/assets/images/grid-blog/3.jpg]
[smartitsource.com/utrun/html/assets/images/grid-blog/4.jpg]
[smartitsource.com/utrun/html/assets/images/grid-blog/5.jpg]
[smartitsource.com/utrun/html/assets/images/grid-blog/6.jpg]
[smartitsource.com/utrun/html/assets/images/grid-blog/7.jpg]
[smartitsource.com/utrun/html/assets/images/grid-blog/8.jpg]
[smartitsource.com/utrun/html/assets/images/grid-blog/9.jpg]
[smartitsource.com/utrun/html/blog-grid.html]
[smartitsource.com/utrun/html/assets/icon-fonts/Flaticon.svg]
[smartitsource.com/utrun/html/assets/img/cd-icon-small-arrow.html]
[smartitsource.com/utrun/html/assets/fontawesome-free-5.3.1/webfonts/fa-brands-400.svg]
[smartitsource.com/utrun/html/assets/fontawesome-free-5.3.1/webfonts/fa-regular-400.svg]
[smartitsource.com/utrun/html/assets/fontawesome-free-5.3.1/webfonts/fa-solid-900.svg]
[smartitsource.com/utrun/html/assets/css/owl.video.play.html]
[smartitsource.com/utrun/html/assets/images/grid-blog/grid-blog.jpg]
[smartitsource.com/utrun/html/assets/images/grid-blog/recent/01.jpg]
[smartitsource.com/utrun/html/assets/images/grid-blog/recent/02.jpg]
[smartitsource.com/utrun/html/assets/images/grid-blog/recent/03.jpg]
[smartitsource.com/utrun/html/single-blog.html]
